// Jest Snapshot v1, https://goo.gl/fbAQLP

exports[`SearchField generic tests When we search 1`] = `
<div
  className="search-field__SearchFieldBlock-bGJybC gqBHCj"
>
  <input
    autoComplete="off"
    className="search-field__SearchFieldInput-gNWiJt gEyuZP"
    onChange={[Function]}
    placeholder="Search component name"
    type="text"
    value="comp"
  />
  <div
    className="search-field__SearchFieldIcon-AMrXU dbjKYb"
  >
    <div
      className="icon__IconBlock-bCeCJH cBUMOE"
      role="presentation"
      size={0}
    >
      <svg
        viewBox="0 0 32 32"
        xmlns="http://www.w3.org/2000/svg"
      >
        <path
          d="M20.5 20.92l7.62 7.67-1.43 1.4-7.72-7.79A10.83 10.83 0 0 1 2 13.28v-.45a10.84 10.84 0 0 1 21.67 0v.45c0 2.98-1.21 5.68-3.16 7.64zM4 12.82v.46a8.83 8.83 0 0 0 17.67 0v-.45a8.83 8.83 0 0 0-17.67 0z"
          fillRule="evenodd"
        />
      </svg>
    </div>
  </div>
</div>
`;
